[www.lacoxanh.vn/index.html]
[backblue.gif]
[fade.gif]
[index.html]
[www.lacoxanh.vn/public/images/1537884636-Cong-Ty-Laco-Cong-Ty-TNHH-Quoc-Te-Laco.png]
[www.lacoxanh.vn/public/images/1537885227-Cong-Ty-Laco-Cong-Ty-TNHH-Quoc-Te-Laco.png]
[connect.facebook.net/en_US/fbevents.js]
[connect.facebook.net/vi_VN/sdk.js]
[www.lacoxanh.vn/public/images/1537983294-vi-Slider-2.jpg]
[www.lacoxanh.vn/public/images/1537983329-vi-Slider-1.jpg]
[www.lacoxanh.vn/public/images/icon_giamgia.png]
[www.lacoxanh.vn/Sua-Tam-Men-Ruou-Sake/Sua-Tam-Men-Ruou-Sake.html]
[www.lacoxanh.vn/public/images/1560409948-Sua-Tam-Men-Ruou-Sake.jpg]
[www.lacoxanh.vn/San-pham/index.html]
[www.lacoxanh.vn/cong-ty-laco/index.html]
[www.lacoxanh.vn/Son-sap/Son-sap.html]
[www.lacoxanh.vn/public/images/1559180618-Son-sap.jpg]
[www.lacoxanh.vn/thien-y-khang/combo-ngam-va-xit-hoi-chan-thien-y-khang.html]
[www.lacoxanh.vn/public/images/1556469146-combo-ngam-va-xit-hoi-chan-thien-y-khang.jpg]
[www.lacoxanh.vn/Tay-Da-Chet-Marosa/index.html]
[www.lacoxanh.vn/thien-y-khang/thien-y-khang.html]
[www.lacoxanh.vn/public/images/1556468894-thien-y-khang.jpg]
[www.lacoxanh.vn/xit-khu-mui-hoi-chan-thien-y-khang/Xit-khu-mui-khong-chan-thien-y-khang.html]
[www.lacoxanh.vn/public/images/1556468316-Xit-khu-mui-khong-chan-thien-y-khang.jpg]
[www.lacoxanh.vn/Sua-Tam-Men-Ruou-Sake/index.html]
[www.lacoxanh.vn/nuoc-hoa-hong-marosa/Nuoc-hoa-hong-Marosa.html]
[www.lacoxanh.vn/public/images/1556466760-Nuoc-hoa-hong-Marosa.png]
[www.lacoxanh.vn/Giam-can-Delim/combo-2-lo-giam-can-Delim-1-gel-tan-mo-Delim.html]
[www.lacoxanh.vn/public/images/1556256105-combo-2-lo-giam-can-Delim-1-gel-tan-mo-Delim.jpg]
[www.lacoxanh.vn/nuoc-hoa-hong-marosa/index.html]
[www.lacoxanh.vn/sua-rua-mat/sua-rua-mat-marosa.html]
[www.lacoxanh.vn/public/images/1556241699-sua-rua-mat-marosa.jpg]
[www.lacoxanh.vn/Nuoc-tay-trang/Nuoc-tay-trang-Laco.html]
[www.lacoxanh.vn/Son-sap/index.html]
[www.lacoxanh.vn/public/images/1556183421-Nuoc-tay-trang-Laco.jpg]
[www.lacoxanh.vn/Bo-san-pham-ngan-rung-toc-Amla/Serum-Organic-Amla-Laco.html]
[www.lacoxanh.vn/public/images/1537976240-Serum-Organic-Amla-Laco.jpg]
[www.lacoxanh.vn/Giam-can-Delim/Giam-can-Delim-tai-Ha-Noi.html]
[www.lacoxanh.vn/xit-khu-mui-hoi-chan-thien-y-khang/index.html]
[www.lacoxanh.vn/public/images/1540561888-Giam-can-Delim-tai-Ha-Noi.jpg]
[www.lacoxanh.vn/thien-y-khang/index.html]
[www.lacoxanh.vn/Bo-san-pham-ngan-rung-toc-Amla/Dau-xa-Organic-Amla.html]
[www.lacoxanh.vn/public/images/1537976632-Dau-xa-Organic-Amla.jpg]
[www.lacoxanh.vn/sua-rua-mat/index.html]
[www.lacoxanh.vn/Bo-san-pham-ngan-rung-toc-Amla/Dau-goi-Organic-Amla.html]
[www.lacoxanh.vn/public/images/1537975445-Dau-goi-Organic-Amla.jpg]
[www.lacoxanh.vn/Bo-san-pham-ngan-rung-toc-Amla/Combo-san-pham-ngan-rung-toc-Amla.html]
[www.lacoxanh.vn/public/images/1537975170-Combo-san-pham-ngan-rung-toc-Amla.jpg]
[www.lacoxanh.vn/Nuoc-tay-trang/index.html]
[www.lacoxanh.vn/Xa-bong-Organic-Laco/Xa-bong-Organic-Laco.html]
[www.lacoxanh.vn/public/images/1537976566-Xa-bong-Organic-Laco.jpg]
[www.lacoxanh.vn/Dung-dich-ve-sinh-phu-nu-Laco/Dung-dich-ve-sinh-phu-nu-Laco.html]
[www.lacoxanh.vn/Giam-can-Delim/index.html]
[www.lacoxanh.vn/public/images/1556468601-Dung-dich-ve-sinh-phu-nu-Laco.jpg]
[www.lacoxanh.vn/Kem-ngan-ran-ngua-tham-Laco/Kem-ngan-ran-ngua-tham-Laco.html]
[www.lacoxanh.vn/public/images/1537976580-Kem-ngan-ran-ngua-tham-Laco.jpg]
[www.lacoxanh.vn/Son-CARRE-LACO/Son-CARRE-Laco.html]
[www.lacoxanh.vn/Bo-san-pham-ngan-rung-toc-Amla/index.html]
[www.lacoxanh.vn/public/images/1537976807-Son-CARRE-Laco.jpg]
[www.lacoxanh.vn/Tin-tuc/Vien-uong-giam-can-Delim-co-an-toan-khong.html]
[www.lacoxanh.vn/public/images/1542373720-vi-Vien-uong-giam-can-Delim-co-an-toan-khong.jpg]
[www.lacoxanh.vn/Tin-tuc/Beo-phi-thua-can-Nguy-co-tiem-an-benh-ly.html]
[www.lacoxanh.vn/public/images/1541698247-vi-Beo-phi-thua-can-Nguy-co-tiem-an-benh-ly.jpg]
[www.lacoxanh.vn/Xa-bong-Organic-Laco/index.html]
[www.lacoxanh.vn/Tin-tuc/Vien-uong-giam-can-Delim-Cong-dung-tuyet-voi.html]
[www.lacoxanh.vn/public/images/1541695895-vi-Vien-uong-giam-can-Delim-Cong-dung-tuyet-voi.jpg]
[www.lacoxanh.vn/Dung-dich-ve-sinh-phu-nu-Laco/index.html]
[www.lacoxanh.vn/Tin-tuc/Nhung-dieu-can-biet-khi-bi-rung-toc.html]
[www.lacoxanh.vn/public/images/1540269037-vi-Nhung-dieu-can-biet-khi-bi-rung-toc.jpg]
[www.lacoxanh.vn/Tin-tuc/Toc-rung-nhieu-bat-thuong-Dau-hieu-cua-1-trong-5-benh-sau.html]
[www.lacoxanh.vn/public/images/1539876347-vi-Toc-rung-nhieu-bat-thuong-Dau-hieu-cua-1-trong-5-benh-sau.jpg]
[www.lacoxanh.vn/Tin-tuc/Muon-co-mot-mai-toc-chac-khoe-khong-gay-rung-hay-tranh-ngay-nhung-thoi-quen-nay.html]
[www.lacoxanh.vn/public/images/1539612941-vi-Muon-co-mot-mai-toc-chac-khoe-khong-gay-rung-hay-tranh-ngay-nhung-thoi-quen-nay.jpg]
[www.lacoxanh.vn/Kem-ngan-ran-ngua-tham-Laco/index.html]
[www.lacoxanh.vn/Son-CARRE-LACO/index.html]
[www.lacoxanh.vn/public/upload/images/laco/banner_home.jpg]
[www.lacoxanh.vn/Tin-tuc/Dau-tu-tien-ti-xay-dung-trang-trai-hoa-hong-ngoai.html]
[www.lacoxanh.vn/public/images/1537982272-vi-Dau-tu-tien-ti-xay-dung-trang-trai-hoa-hong-ngoai.png]
[www.lacoxanh.vn/Tin-tuc/index.html]
[www.lacoxanh.vn/Tin-tuc/Giac-mo-my-pham-organic-dan-dau-the-gioi-tu-doanh-nhan-tre.html]
[www.lacoxanh.vn/public/images/1537982029-vi-Giac-mo-my-pham-organic-dan-dau-the-gioi-tu-doanh-nhan-tre.jpg]
[www.lacoxanh.vn/Tin-tuc/Qua-Amla-co-o-dau-va-co-tac-dung-gi.html]
[www.lacoxanh.vn/public/images/1537981744-vi-Qua-Amla-dung-de-lam-gi.jpg]
[www.lacoxanh.vn/Hoat-dong/index.html]
[www.lacoxanh.vn/Tin-tuc/Hoc-hoi-cach-dieu-tri-tham-nach-ben-hieu-qua-tu-chuyen-gia-da-lieu.html]
[www.lacoxanh.vn/public/images/1537982456-vi-Hoc-hoi-cach-dieu-tri-tham-nach-ben-hieu-qua-tu-chuyen-gia-da-lieu.jpg]
[www.lacoxanh.vn/public/upload/images/laco/img20180625165642743.jpg]
[www.lacoxanh.vn/public/upload/images/laco/ceo_hoang_kim_ngoc_31_5_4.jpg]
[www.lacoxanh.vn/Hinh-anh/index.html]
[www.lacoxanh.vn/public/upload/images/laco/dangky.png]
[www.googleadservices.com/pagead/f.txt]
[www.lacoxanh.vn/Video/index.html]
[www.lacoxanh.vn/public/js/jquery-3.1.1.min.js]
[www.lacoxanh.vn/Tuyen-si-dai-ly/index.html]
[www.lacoxanh.vn/Lien-he/index.html]
[www.lacoxanh.vn/public/js/flaunt.js]
[www.lacoxanh.vn/public/js/jquery-2.2.4.min.js]
[www.lacoxanh.vn/public/js/jquery.magnific-popup.min.js]
[www.lacoxanh.vn/public/js/plusone.js]
[www.lacoxanh.vn/public/js/jquery.js]
[www.lacoxanh.vn/public/js/jquery-migrate.min.js]
[www.lacoxanh.vn/public/js/global.js]
[www.lacoxanh.vn/public/js/owl.carousel.min.js]
[www.lacoxanh.vn/public/js/isotope-docs.min.js]
[www.lacoxanh.vn/public/js/src/skdslider.js]
[www.lacoxanh.vn/public/js/carousel.min.js]
[www.lacoxanh.vn/index.html]
[www.lacoxanh.vn/public/fonts/RobotoCondensed-Regular.ttf]
[www.lacoxanh.vn/public/fonts/RobotoCondensed-Bold.ttf]
[www.lacoxanh.vn/public/fonts/RobotoCondensed-BoldItalic.ttf]
[www.lacoxanh.vn/public/fonts/RobotoCondensed-Italic.ttf]
[www.lacoxanh.vn/public/fonts/RobotoCondensed-Light.ttf]
[www.lacoxanh.vn/public/fonts/RobotoCondensed-LightItalic.ttf]
[www.lacoxanh.vn/public/images/nav.png]
[www.lacoxanh.vn/public/images/drop.png]
[www.lacoxanh.vn/public/images/mail.png]
[www.lacoxanh.vn/public/images/AjaxLoader.gif]
[www.lacoxanh.vn/public/images/grabbing.png]
[www.lacoxanh.vn/public/css/style.css]
[www.lacoxanh.vn/POST.html]
[connect.facebook.net/en_US/fbevents.js]
[connect.facebook.net/vi_VN/sdk.js]
[www.lacoxanh.vn/public/upload/images/laco/banner_list.jpg]
[lacogarden.vn/wp-content/uploads/2015/06/a_ng-ky8-kinh-doanh-Laco-Trang-1-01.png]
[lacogarden.vn/wp-content/uploads/2015/06/a_ng-ky8-kinh-doanh-Laco-Trang-2-01.png]
[lacogarden.vn/wp-content/uploads/2015/06/a_ng-ky8-ma¦-vach-Laco-Trang-1-01.png]
[lacogarden.vn/wp-content/uploads/2015/06/gt2-1024x681.66.delayed]
[lacogarden.vn/wp-content/uploads/2015/06/gt1-1024x681.png]
[www.lacoxanh.vn/cong-ty-laco/index.html]
[www.lacoxanh.vn/San-pham/index.html]
[www.lacoxanh.vn/Tay-Da-Chet-Marosa/index.html]
[www.lacoxanh.vn/Sua-Tam-Men-Ruou-Sake/index.html]
[www.lacoxanh.vn/nuoc-hoa-hong-marosa/index.html]
[www.lacoxanh.vn/Son-sap/index.html]
[www.lacoxanh.vn/xit-khu-mui-hoi-chan-thien-y-khang/index.html]
[www.lacoxanh.vn/thien-y-khang/index.html]
[www.lacoxanh.vn/sua-rua-mat/index.html]
[www.lacoxanh.vn/public/images/1556183108-Nuoc-tay-trang.jpg]
[www.lacoxanh.vn/Nuoc-tay-trang/index.html]
[www.lacoxanh.vn/Giam-can-Delim/index.html]
[www.lacoxanh.vn/public/upload/images/dau goi amla/bgr-header.jpg]
[www.lacoxanh.vn/public/upload/images/dau goi amla/tgt_-san-pham-cham-soc-toc-organic-amla-14-.jpg]
[www.lacoxanh.vn/public/upload/images/dau goi amla/tgt_-san-pham-cham-soc-toc-organic-amla-15-.jpg]
[www.lacoxanh.vn/public/upload/images/dau goi amla/3b625a082aa2fc28106da0dd9356c84f.jpg]
[www.lacoxanh.vn/Bo-san-pham-ngan-rung-toc-Amla/index.html]
[www.lacoxanh.vn/Xa-bong-Organic-Laco/index.html]
[www.lacoxanh.vn/Dung-dich-ve-sinh-phu-nu-Laco/index.html]
[www.lacoxanh.vn/Kem-ngan-ran-ngua-tham-Laco/index.html]
[www.lacoxanh.vn/Son-CARRE-LACO/index.html]
[www.lacoxanh.vn/Tin-tuc/List-ngay-mot-so-thuc-pham-giup-mai-toc-chac-khoe-khong-lo-xo-roi-rung-toc.html]
[www.lacoxanh.vn/public/images/1539271520-vi-List-ngay-mot-so-thuc-pham-giup-mai-toc-chac-khoe-khong-lo-xo-roi-rung-toc.jpg]
[www.lacoxanh.vn/Tin-tuc/Bo-tui-cach-dieu-tri-rung-toc-an-toan-hieu-qua.html]
[www.lacoxanh.vn/public/images/1539268953-vi-Bo-tui-cach-dieu-tri-rung-toc-an-toan-hieu-qua.jpg]
[www.lacoxanh.vn/Tin-tuc/Tim-hieu-nguyen-nhan-gay-rung-toc-de-biet-cach-phong-ngua.html]
[www.lacoxanh.vn/public/images/1539143212-vi-Tim-hieu-nguyen-nhan-gay-rung-toc-de-biet-cach-phong-ngua.jpg]
[www.lacoxanh.vn/Tin-tuc/index.html]
[www.lacoxanh.vn/Video/Amla-Bien-dieu-khong-the-thanh-co-the.html]
[img.youtube.com/vi/AZYb0FH9IjI/0.jpg]
[www.lacoxanh.vn/Video/Hoi-thao-nang-cao-ky-nang-ban-hang-he-thong-Laco.html]
[img.youtube.com/vi/TjifnXjy63w/0.jpg]
[www.lacoxanh.vn/Video/Kinh-doanh-thuc-chien-cung-HOANG-KIM-NGOC-va-Laco.html]
[img.youtube.com/vi/0LzdKSMrjCM/0.jpg]
[www.lacoxanh.vn/Video/Laco-mot-chang-duong-da-qua.html]
[img.youtube.com/vi/PXXaNMI6Wn4/0.jpg]
[www.lacoxanh.vn/Video/CEO-Hoang-Kim-Ngoc-chia-se-ve-niem-dam-me-kinh-doanh-tren-truyen-hinh-Ha-Noi.html]
[img.youtube.com/vi/F6PNtCVgMXM/0.jpg]
[www.lacoxanh.vn/Video/Laco-Hoi-ngo-he-thong-toan-quoc.html]
[img.youtube.com/vi/6pWkUQ4S6gk/0.jpg]
[www.lacoxanh.vn/Hoat-dong/index.html]
[www.lacoxanh.vn/Hinh-anh/index.html]
[www.lacoxanh.vn/Video/index.html]
[www.lacoxanh.vn/Tuyen-si-dai-ly/index.html]
[www.lacoxanh.vn/Lien-he/index.html]
[www.lacoxanh.vn/public/images/1560409910-3.jpg]
[www.lacoxanh.vn/public/images/1560409881-2.jpg]
[www.lacoxanh.vn/public/images/1560409872-1.jpg]
[www.lacoxanh.vn/public/upload/images/laco/icon_chatluong.png]
[www.lacoxanh.vn/public/upload/images/laco/icon_chatluong1.png]
[www.lacoxanh.vn/public/upload/images/laco/icon_vanchuyen.png]
[www.lacoxanh.vn/public/upload/images/sua-tam-me-ruou.jpg]
[www.lacoxanh.vn/public/upload/images/sua-tam-men-ruou-sake.jpg]
[www.lacoxanh.vn/public/upload/images/ban-sua-tam-men-ruou-sake.jpg]
[www.lacoxanh.vn/Tags/Sua-Tam-Men-Ruou-Sake.htm/Sữa+Tắm+Men+Rượu+Sake.html]
[www.lacoxanh.vn/Tags/laco.htm/laco.html]
[www.lacoxanh.vn/Tags/tam-trang.htm/tắm+trắng.html]
[www.lacoxanh.vn/Tags/my-pham-an-toan.htm/mỹ+phẩm+an+toàn.html]
[www.lacoxanh.vn/Sua-Tam-Men-Ruou-Sake/Sua-Tam-Men-Ruou-Sake.html]
[www.lacoxanh.vn/Tags/.htm/index.html]
[www.lacoxanh.vn/public/images/1556612015-son-sap-laco.jpg]
[www.lacoxanh.vn/public/images/1556612005-son-sap-laco.jpg]
[www.lacoxanh.vn/public/images/1556611992-son-sap-laco.jpg]
[www.lacoxanh.vn/public/images/1556611965-son-sap-laco.jpg]
[www.lacoxanh.vn/public/images/1556613254-son-sap-laco.jpg]
[www.lacoxanh.vn/public/images/1556611980-son-sap-laco.jpg]
[www.lacoxanh.vn/public/images/1556613268-son-sap-laco.jpg]
[www.lacoxanh.vn/public/upload/images/fcdd219b4ce29837fad727a20ca40a19_tn.jpg]
[xmedia.antt.vn/js/tiny_mce/plugins/imagemanager/files/anhsonaba.jpg]
[www.lacoxanh.vn/Tags/son-sap.htm/son+sap.html]
[www.lacoxanh.vn/Tags/marosa.htm/marosa.html]
[www.lacoxanh.vn/Tags/cong-ty-laco.htm/công+ty+laco.html]
[www.lacoxanh.vn/Tags/son-sap-laco.htm/son+sáp+laco.html]
[www.lacoxanh.vn/Tags/le-moi.htm/lẻ+môi.html]
[www.lacoxanh.vn/Tags/kho-moi.htm/khô+môi.html]
[www.lacoxanh.vn/Son-sap/Son-sap.html]
[xmedia.antt.vn/js/tiny_mce/plugins/imagemanager/files/anhsonbaon.jpg]
[www.lacoxanh.vn/public/images/1556469216-combo-ngam-va-xit-hoi-chan-thien-y-khang.jpg]
[www.lacoxanh.vn/public/images/1556469163-combo-ngam-va-xit-hoi-chan-thien-y-khang.jpg]
[www.lacoxanh.vn/Tags/combo-ngam-va-xit-hoi-chan.htm/combo+ngâm+và+xịt+hôi+chân.html]
[www.lacoxanh.vn/thien-y-khang/combo-ngam-va-xit-hoi-chan-thien-y-khang.html]
[www.lacoxanh.vn/Tags/thien-y-khang.htm/thiên+y+khang.html]
[www.lacoxanh.vn/public/images/1556468965-thien-y-khang.jpg]
[www.lacoxanh.vn/public/images/1556468945-thien-y-khang.jpg]
[www.lacoxanh.vn/public/images/1556468938-thien-y-khang.jpg]
[www.lacoxanh.vn/public/images/1556468935-thien-y-khang.jpg]
[www.lacoxanh.vn/Tags/thong-kinh-hoat-lac.htm/thông+kinh+hoạt+lạc.html]
[www.lacoxanh.vn/thien-y-khang/thien-y-khang.html]
[www.lacoxanh.vn/Tags/tri-mat-ngu.htm/trị+mất+ngủ.html]
[www.lacoxanh.vn/public/images/1556468389-Xit-khu-mui-khong-chan-thien-y-khang.jpg]
[www.lacoxanh.vn/public/images/1556468365-Xit-khu-mui-khong-chan-thien-y-khang.jpg]
[www.lacoxanh.vn/public/images/1556468351-Xit-khu-mui-khong-chan-thien-y-khang.jpg]
[www.lacoxanh.vn/public/images/1556468333-Xit-khu-mui-khong-chan-thien-y-khang.jpg]
[www.lacoxanh.vn/Tags/Xit-khu-mui-khong-chan-thien-y-khang.htm/Xịt+khử+mùi+không+chân+thiên+y+khang.html]
[www.lacoxanh.vn/Tags/chong-hoi-chan.htm/chống+hôi+chân.html]
[www.lacoxanh.vn/Tags/chua-hoi-chan-hieu-qua.htm/chữa+hôi+chân+hiệu+quả.html]
[www.lacoxanh.vn/Tags/chua-hoi-chan-an-toan.htm/chữa+hôi+chân+an+toàn.html]
[www.lacoxanh.vn/xit-khu-mui-hoi-chan-thien-y-khang/Xit-khu-mui-khong-chan-thien-y-khang.html]
[www.lacoxanh.vn/Tags/chua-hoi-chan-tai-nha.htm/chữa+hôi+chân+tại+nhà.html]
[www.lacoxanh.vn/public/images/1556469445-nuoc-hoa-hong-marosa.jpg]
[www.lacoxanh.vn/public/images/1556466902-nuoc-hoa-hong-marosa.png]
[www.lacoxanh.vn/public/images/1556466891-nuoc-hoa-hong-marosa.jpg]
[www.lacoxanh.vn/public/images/1556466832-nuoc-hoa-hong-marosa.jpg]
[www.lacoxanh.vn/public/images/1556466807-nuoc-hoa-hong-marosa.png]
[www.lacoxanh.vn/Tags/Nuoc-hoa-hong-Marosa.htm/Nước+hoa+hồng+Marosa.html]
[www.lacoxanh.vn/nuoc-hoa-hong-marosa/Nuoc-hoa-hong-Marosa.html]
[www.lacoxanh.vn/Tags/nuoc-hoa-hong.htm/nước+hoa+hồng.html]
[www.lacoxanh.vn/public/images/1556256334-combo-2-hop-giam-can-delim-1-gel-tan-mo-delim.jpg]
[www.lacoxanh.vn/public/images/1556256288-combo-2-hop-giam-can-delim-1-gel-tan-mo-delim.jpg]
[www.lacoxanh.vn/public/images/1556256217-combo-2-hop-giam-can-delim-1-gel-tan-mo-delim.jpg]
[www.lacoxanh.vn/public/images/1556256173-combo-2-hop-giam-can-delim-1-gel-tan-mo-delim.jpg]
[www.lacoxanh.vn/public/images/1556256147-combo-2-hop-giam-can-delim-1-gel-tan-mo-delim.jpg]
[www.lacoxanh.vn/public/images/1556256195-combo-2-hop-giam-can-delim-1-gel-tan-mo-delim.jpg]
[www.lacoxanh.vn/Tags/gel-tan-mo.htm/gel+tan+mỡ.html]
[www.lacoxanh.vn/Tags/giam-can-delim.htm/giảm+cân+delim.html]
[www.lacoxanh.vn/Tags/giam-can-an-toan.htm/giảm+cân+an+toàn.html]
[www.lacoxanh.vn/Tags/giam-can-laco.htm/giảm+cân+laco.html]
[www.lacoxanh.vn/Tags/giam-can-tai-nha.htm/giảm+cân+tại+nhà.html]
[www.lacoxanh.vn/Tags/gel-giam-mo-bung.htm/gel+giảm+mỡ+bụng.html]
[www.lacoxanh.vn/Giam-can-Delim/combo-2-lo-giam-can-Delim-1-gel-tan-mo-Delim.html]
[www.lacoxanh.vn/Tags/giam-mo-bung-hieu-qua.htm/giảm+mỡ+bụng+hiệu+quả.html]
[www.lacoxanh.vn/public/images/1556241848-sua-rua-mat-marosa.jpg]
[www.lacoxanh.vn/public/images/1556241781-sua-rua-mat-marosa.jpg]
[www.lacoxanh.vn/public/images/1556241773-sua-rua-mat-marosa.jpg]
[www.lacoxanh.vn/public/images/1556241763-sua-rua-mat-marosa.jpg]
[www.lacoxanh.vn/public/images/1556241744-sua-rua-mat-marosa.png]
[www.lacoxanh.vn/public/images/1556241731-sua-rua-mat-marosa.jpg]
[www.lacoxanh.vn/Tags/sua-rua-mat-marosa.htm/sữa+rửa+mặt+marosa.html]
[www.lacoxanh.vn/sua-rua-mat/sua-rua-mat-marosa.html]
[www.lacoxanh.vn/Tags/cong-ty-Laco.htm/công+ty+Laco-2.html]
[www.lacoxanh.vn/public/images/1556183518-Nuoc-tay-trang-laco.jpg]
[www.lacoxanh.vn/public/images/1556183491-Nuoc-tay-trang-laco.jpg]
[www.lacoxanh.vn/public/images/1556183479-Nuoc-tay-trang-laco.jpg]
[www.lacoxanh.vn/public/upload/images/nuoc-tay-trang/57311575_296875441217449_3386771662119632896_n.jpg]
[www.lacoxanh.vn/Nuoc-tay-trang/Nuoc-tay-trang-Laco.html]
[www.lacoxanh.vn/Tags/nuoc-tay-trang.htm/nước+tẩy+trang.html]
[www.lacoxanh.vn/public/images/1537976247-Serum-Organic-Amla-Laco.jpg]
[www.lacoxanh.vn/public/images/1537976255-Serum-Organic-Amla-Laco.jpg]
[www.lacoxanh.vn/public/images/1537976263-Serum-Organic-Amla-Laco.jpg]
[www.lacoxanh.vn/public/images/1537976274-Serum-Organic-Amla-Laco.jpg]
[lacogarden.vn/wp-content/uploads/2018/04/serum_laco_cover-1.d5.delayed]
[lacogarden.vn/wp-content/uploads/2018/04/thanh_phan_serum_laco-1.png]
[lacogarden.vn/wp-content/uploads/2018/04/HDSD_serum_laco-1.png]
[lacogarden.vn/wp-content/uploads/2018/04/Gia_8y-co_ng-bo_8-serum-Amla-01-1.png]
[lacogarden.vn/wp-content/uploads/2018/04/IMG_8686-1024x1024.jpg]
[www.lacoxanh.vn/Tags/Laco.htm/Laco-2.html]
[www.lacoxanh.vn/Tags/Amla.htm/Amla.html]
[www.lacoxanh.vn/Tags/Serum-Organic.htm/Serum+Organic.html]
[www.lacoxanh.vn/Bo-san-pham-ngan-rung-toc-Amla/Serum-Organic-Amla-Laco.html]
[www.lacoxanh.vn/public/images/1540561954-Giam-can-delim.jpg]
[www.lacoxanh.vn/public/images/1540562249-Giam-can-delim.jpg]
[www.lacoxanh.vn/public/images/1540562234-Giam-can-delim.jpg]
[www.lacoxanh.vn/public/images/1540562216-Giam-can-delim.jpg]
[www.lacoxanh.vn/public/images/1540562272-Giam-can-delim.jpg]
[www.lacoxanh.vn/public/upload/images/giam-can-delim/giam-can-delim-10.jpg]
[www.lacoxanh.vn/public/upload/images/giam-can-delim/giam-can-delim-07.jpg]
[www.lacoxanh.vn/public/upload/images/giam-can-delim/giam-can-delim-08.jpg]
[www.lacoxanh.vn/public/upload/images/giam-can-delim/giam-can-delim-09.jpg]
[www.lacoxanh.vn/Tags/delim.htm/delim.html]
[www.lacoxanh.vn/Giam-can-Delim/Giam-can-Delim-tai-Ha-Noi.html]
[www.lacoxanh.vn/public/images/1537975841-Dau-xa-Organic-Amla.jpg]
[www.lacoxanh.vn/public/images/1537975847-Dau-xa-Organic-Amla.jpg]
[www.lacoxanh.vn/public/images/1537975853-Dau-xa-Organic-Amla.jpg]
[www.lacoxanh.vn/public/images/1537975858-Dau-xa-Organic-Amla.jpg]
[lacogarden.vn/wp-content/uploads/2018/04/dau_xa_amla_cover.png]
[lacogarden.vn/wp-content/uploads/2018/04/thanh-phan_dau_xa_amla.png]
[lacogarden.vn/wp-content/uploads/2018/04/HDSD_dau_xa_laco-1.png]
[lacogarden.vn/wp-content/uploads/2018/04/laco_model_dx.png]
[lacogarden.vn/wp-content/uploads/2018/04/Gia_8y-co_ng-bo_8-da_¦u-xa-Amla-01.png]
[www.lacoxanh.vn/Tags/dau-xa.htm/dầu+xả.html]
[www.lacoxanh.vn/Tags/dau-xa-organic-amla.htm/dầu+xả+organic+amla.html]
[www.lacoxanh.vn/Tags/amla.htm/amla-2.html]
[www.lacoxanh.vn/Bo-san-pham-ngan-rung-toc-Amla/Dau-xa-Organic-Amla.html]
[www.lacoxanh.vn/public/images/1537975451-Dau-goi-Organic-Amla.jpg]
[www.lacoxanh.vn/public/images/1537975456-Dau-goi-Organic-Amla.jpg]
[www.lacoxanh.vn/public/images/1537975462-Dau-goi-Organic-Amla.jpg]
[www.lacoxanh.vn/public/images/1537975467-Dau-goi-Organic-Amla.jpg]
[lacogarden.vn/wp-content/uploads/2018/04/dau_goi_amla_cover.png]
[lacogarden.vn/wp-content/uploads/2018/04/nguyen_nhan_rung_toc.png]
[lacogarden.vn/wp-content/uploads/2018/04/thanh_phan_dau_goi_amla.png]
[lacogarden.vn/wp-content/uploads/2018/04/HDSD_dau_goi_amla.png]
[lacogarden.vn/wp-content/uploads/2018/04/laco_model.fb.delayed]
[lacogarden.vn/wp-content/uploads/2018/04/Gia_8y-co_ng-bo_8-da_¦u-go_i-Amla-01.png]
[lacogarden.vn/wp-content/uploads/2018/04/IMG_8686.jpg]
[www.lacoxanh.vn/Tags/Dau-goi-amla.htm/Dầu+gội+amla.html]
[www.lacoxanh.vn/Tags/dau-goi-organic.htm/dầu+gội+organic.html]
[www.lacoxanh.vn/Bo-san-pham-ngan-rung-toc-Amla/Dau-goi-Organic-Amla.html]
[www.lacoxanh.vn/public/images/1537975177-Combo-san-pham-ngan-rung-toc-Amla.jpg]
[www.lacoxanh.vn/public/images/1537975198-Combo-san-pham-ngan-rung-toc-Amla.jpg]
[www.lacoxanh.vn/public/images/1537975204-Combo-san-pham-ngan-rung-toc-Amla.jpg]
[www.lacoxanh.vn/public/images/1537975209-Combo-san-pham-ngan-rung-toc-Amla.jpg]
[lacogarden.vn/wp-content/uploads/2018/04/cover_blog_bo_san_pham_amla.104.delayed]
[lacogarden.vn/wp-content/uploads/2018/04/truoc_va_sau_SD.png]
[lacogarden.vn/wp-content/uploads/2018/04/san_pham_bo_amla.png]
[lacogarden.vn/wp-content/uploads/2018/04/IMG_8686-1.jpg]
[www.lacoxanh.vn/Tags/dau-goi-amla.htm/dầu+gội+amla-2.html]
[www.lacoxanh.vn/Bo-san-pham-ngan-rung-toc-Amla/Combo-san-pham-ngan-rung-toc-Amla.html]
[www.lacoxanh.vn/public/images/1537976412-Xa-bong-Organic-Laco.jpg]
[www.lacoxanh.vn/public/images/1537976417-Xa-bong-Organic-Laco.jpg]
[www.lacoxanh.vn/public/images/1537976422-Xa-bong-Organic-Laco.jpg]
[www.lacoxanh.vn/public/images/1537976430-Xa-bong-Organic-Laco.jpg]
[lacogarden.vn/wp-content/uploads/2018/04/xa_bong_laco_cover_blog.png]
[lacogarden.vn/wp-content/uploads/2018/04/thanh_phan_xa_bong_laco.png]
[lacogarden.vn/wp-content/uploads/2018/04/HDSD_xa_bong_laco.png]
[lacogarden.vn/wp-content/uploads/2018/04/Gia_8y-co_ng-bo_8-xa¦-bo_ng-Laco-01.png]
[www.lacoxanh.vn/Tags/xa-bong.htm/xà+bông.html]
[www.lacoxanh.vn/Tags/organic.htm/organic.html]
[www.lacoxanh.vn/Xa-bong-Organic-Laco/Xa-bong-Organic-Laco.html]
[www.lacoxanh.vn/public/images/1556468677-Dung-dich-ve-sinh-phu-nu-Laco.jpg]
[www.lacoxanh.vn/public/images/1556468694-dung-dich-ve-sinh-phu-nu-marosa.jpg]
[www.lacoxanh.vn/public/images/1556468660-dung-dich-ve-sinh-phu-nu-marosa.jpg]
[www.lacoxanh.vn/public/images/1556468641-dung-dich-ve-sinh-phu-nu-marosa.jpg]
[lacogarden.vn/wp-content/uploads/2018/04/cover_blog_DDVS-683x1024.png]
[lacogarden.vn/wp-content/uploads/2018/04/NGUYEN-NHAN-1-1024x628.png]
[lacogarden.vn/wp-content/uploads/2018/04/TPC-DDVS-1024x795.png]
[lacogarden.vn/wp-content/uploads/2018/04/AFTER-1024x683.png]
[lacogarden.vn/wp-content/uploads/2018/04/Gia_8y-co_ng-bo_8-dung-dich-ve_-sinh-phu-nu_¦-Laco-01-791x1024.11b.delayed]
[lacogarden.vn/wp-content/uploads/2018/04/DDVSPN-791x1024.png]
[www.lacoxanh.vn/Tags/dung-dich-ve-sinh.htm/dung+dịch+vệ+sinh.html]
[www.lacoxanh.vn/Tags/dung-dich-ve-sinh-phu-nu-marosa.htm/dung+dịch+vệ+sinh+phụ+nữ+marosa.html]
[www.lacoxanh.vn/Dung-dich-ve-sinh-phu-nu-Laco/Dung-dich-ve-sinh-phu-nu-Laco.html]
[www.lacoxanh.vn/public/images/1537976586-Kem-ngan-ran-ngua-tham-Laco.jpg]
[www.lacoxanh.vn/public/images/1537976594-Kem-ngan-ran-ngua-tham-Laco.jpg]
[www.lacoxanh.vn/public/images/1537976600-Kem-ngan-ran-ngua-tham-Laco.jpg]
[www.lacoxanh.vn/public/images/1537976606-Kem-ngan-ran-ngua-tham-Laco.jpg]
[lacogarden.vn/wp-content/uploads/2018/04/Kem-ngăn-ran_cover_blog-1024x583.png]
[lacogarden.vn/wp-content/uploads/2018/04/Kem-ngăn-rạn_cover_blog-1024x583.124.delayed]
[lacogarden.vn/wp-content/uploads/2018/04/THUC-TRANG-1024x1024.jpg]
[lacogarden.vn/wp-content/uploads/2018/04/thực-trạng-1024x1024.126.delayed]
[lacogarden.vn/wp-content/uploads/2018/04/TPC-1024x1024.jpg]
[lacogarden.vn/wp-content/uploads/2018/04/thành-phần-1024x1024.128.delayed]
[lacogarden.vn/wp-content/uploads/2018/04/HDSD-1-1024x704.jpg]
[lacogarden.vn/wp-content/uploads/2018/04/TRUOC-SAU-1024x704.jpg]
[lacogarden.vn/wp-content/uploads/2018/04/trước-và-sau-khi-SD-1024x704.jpg]
[lacogarden.vn/wp-content/uploads/2018/04/Gia_8y-co_ng-bo_8-kem-nga_n-ran-mo_¦-tha_m-01.png]
[www.lacoxanh.vn/Tags/kem-ngan-ran.htm/kem+ngăn+rạn.html]
[www.lacoxanh.vn/Kem-ngan-ran-ngua-tham-Laco/Kem-ngan-ran-ngua-tham-Laco.html]
[www.lacoxanh.vn/Tags/kem-chong-tham.htm/kem+chống+thâm.html]
[www.lacoxanh.vn/public/images/1537976819-Son-CARRE-laco.jpg]
[www.lacoxanh.vn/public/images/1537976824-Son-CARRE-laco.jpg]
[www.lacoxanh.vn/public/images/1537976830-Son-CARRE-laco.jpg]
[www.lacoxanh.vn/public/images/1537976835-Son-CARRE-laco.jpg]
[www.lacoxanh.vn/public/images/1537976840-Son-CARRE-laco.jpg]
[lacogarden.vn/wp-content/uploads/2018/05/carre_cover_blog-1.png]
[lacogarden.vn/wp-content/uploads/2018/05/BANG-MAU-1024x671.png]
[lacogarden.vn/wp-content/uploads/2018/05/TP-SON-1024x930.png]
[lacogarden.vn/wp-content/uploads/2018/05/thành-phần-son-1024x930.137.delayed]
[lacogarden.vn/wp-content/uploads/2018/05/fb-son-1024x683.png]
[lacogarden.vn/wp-content/uploads/2018/05/IMG_6397-744x1024.jpg]
[www.lacoxanh.vn/Son-CARRE-LACO/Son-CARRE-Laco.html]
[www.lacoxanh.vn/public/upload/images/45437246_2003428423029062_7865879960039194624_n.jpg]
[www.lacoxanh.vn/public/upload/images/45278530_2003428359695735_5496050145797603328_n.jpg]
[www.lacoxanh.vn/Tags/giam-can-Delim.htm/giảm+cân+Delim-2.html]
[www.lacoxanh.vn/Tin-tuc/Vien-uong-giam-can-Delim-co-an-toan-khong.html]
[www.lacoxanh.vn/public/upload/images/44835431_1989667997738438_9183283185776066560_n.jpg]
[www.lacoxanh.vn/public/upload/images/43639698_1988308794541025_8228514429776429056_n.jpg]
[www.lacoxanh.vn/Tin-tuc/Beo-phi-thua-can-Nguy-co-tiem-an-benh-ly.html]
[www.lacoxanh.vn/public/upload/images/44715846_1988322507872987_8689958637952565248_n.jpg]
[www.lacoxanh.vn/public/upload/images/44731914_1988308707874367_5110846048121651200_n.jpg]
[www.lacoxanh.vn/Tin-tuc/Vien-uong-giam-can-Delim-Cong-dung-tuyet-voi.html]
[www.lacoxanh.vn/public/upload/images/di-tim-nguyen-nhan-rung-toc-nhieu-thieu-chat-gi-thumb.jpg]
[www.lacoxanh.vn/Tin-tuc/Nhung-dieu-can-biet-khi-bi-rung-toc.html]
[www.lacoxanh.vn/public/upload/images/06585627e5600c3e5571.jpg]
[www.lacoxanh.vn/public/upload/images/cag-thag-than-kinh-dkzmx-1472539886234.jpg]
[www.lacoxanh.vn/public/upload/images/dau-hieu-cua-benh-suy-tuyen-giap-min.jpg]
[www.lacoxanh.vn/public/upload/images/buong-trung-da-nang-a1-ac3cf.jpg]
[www.lacoxanh.vn/Tin-tuc/Toc-rung-nhieu-bat-thuong-Dau-hieu-cua-1-trong-5-benh-sau.html]
[www.lacoxanh.vn/public/upload/images/3-1505484729296.jpg]
[www.lacoxanh.vn/public/upload/images/images2602466_2nuoc_nong.jpg]
[www.lacoxanh.vn/public/upload/images/20141229-013808-2_520x520.jpg]
[www.lacoxanh.vn/public/upload/images/Combo-10-tui-chun-buoc-toc-Uniban-Kore (3).jpg]
[www.lacoxanh.vn/Tin-tuc/Muon-co-mot-mai-toc-chac-khoe-khong-gay-rung-hay-tranh-ngay-nhung-thoi-quen-nay.html]
[cafebiz.cafebizcdn.vn/thumb_w/600/2018/6/26/httpchannelvcmediavnprupload854201806img201806261127289551-152999576087758691590.png]
[channel.mediacdn.vn/thumb_w/640/prupload/854/2018/06/img20180625165641701.jpg]
[channel.mediacdn.vn/thumb_w/640/prupload/854/2018/06/img20180625165642743.jpg]
[channel.mediacdn.vn/thumb_w/640/prupload/854/2018/06/img20180625165643434.jpg]
[channel.mediacdn.vn/thumb_w/640/prupload/854/2018/06/img20180625165644120.jpg]
[www.lacoxanh.vn/Tin-tuc/Dau-tu-tien-ti-xay-dung-trang-trai-hoa-hong-ngoai.html]
[media.phununews.vn/files/hoang_kim_ngoc_14_6_1.jpg]
[media.phununews.vn/files/hoang_kim_ngoc_14_6_2.jpg]
[media.phununews.vn/files/hoang_kim_ngoc.jpg]
[media.phununews.vn/files/hoang_kim_ngoc_14_6_4.jpg]
[media.phununews.vn/files/hoang_kim_ngoc_14_6_5.jpg]
[www.lacoxanh.vn/Tin-tuc/Giac-mo-my-pham-organic-dan-dau-the-gioi-tu-doanh-nhan-tre.html]
[phapluatnet.vn/Uploads/images/1(338).jpg]
[phapluatnet.vn/Uploads/images/2(318).jpg]
[www.lacoxanh.vn/Tin-tuc/Qua-Amla-co-o-dau-va-co-tac-dung-gi.html]
[phapluatnet.vn/Uploads/images/3(272).jpg]
[lacogarden.vn/wp-content/uploads/2018/04/1.jpg]
[lacogarden.vn/wp-content/uploads/2018/04/2.jpg]
[lacogarden.vn/wp-content/uploads/2018/04/3.jpg]
[lacogarden.vn/wp-content/uploads/2018/04/4.jpg]
[lacogarden.vn/wp-content/uploads/2018/04/5.jpg]
[www.lacoxanh.vn/Tin-tuc/Hoc-hoi-cach-dieu-tri-tham-nach-ben-hieu-qua-tu-chuyen-gia-da-lieu.html]
[www.lacoxanh.vn/public/fonts/fontawesome-webfont5b62.eot]
[www.lacoxanh.vn/public/fonts/fontawesome-webfontd41d.eot]
[www.lacoxanh.vn/public/fonts/fontawesome-webfont5b62.woff]
[www.lacoxanh.vn/public/fonts/fontawesome-webfont5b62.ttf]
[www.lacoxanh.vn/public/css/font-awesome.min.css]
[www.lacoxanh.vn/public/css/magnific-popup.css]
[www.lacoxanh.vn/public/css/grabbing.png]
[www.lacoxanh.vn/public/css/owl.carousel.min.css]
[www.lacoxanh.vn/public/js/src/image/slide-bg.png]
[www.lacoxanh.vn/public/js/src/image/slide-bg-active.png]
[www.lacoxanh.vn/public/js/src/image/slide_desc.png]
[www.lacoxanh.vn/public/js/src/skdslider.css]
[www.lacoxanh.vn/public/js/carousel.min.html]
[www.lacoxanh.vn/public/images/AjaxLoader.html]
[www.lacoxanh.vn/public/images/grabbing.html]
[www.lacoxanh.vn/public/default/images/error404.jpg]
[www.lacoxanh.vn/POST.html]
[www.lacoxanh.vn/public/images/index.html]
[lacogarden.vn/wp-content/uploads/2015/06/gt2-1024x681.html]
[lacogarden.vn/wp-content/uploads/2015/06/gt1-1024x681.html]
[www.lacoxanh.vn/public/upload/images/thit_heo_KBCE.jpg]
[www.lacoxanh.vn/public/upload/images/suachua_qyeq.jpg]
[www.lacoxanh.vn/public/upload/images/1a3ec09ce322203fbe0501b795495764.jpg]
[www.lacoxanh.vn/public/upload/images/1451376991phomai-emmental-even-3_5-kg-2.jpg]
[www.lacoxanh.vn/public/upload/images/photo1517624054005-151762405400692957034.jpg]
[www.lacoxanh.vn/Tin-tuc/List-ngay-mot-so-thuc-pham-giup-mai-toc-chac-khoe-khong-lo-xo-roi-rung-toc.html]
[www.lacoxanh.vn/public/upload/images/1b13.jpg]
[www.lacoxanh.vn/public/upload/images/dau-goi-kich-thich-moc-toc-va-chong-rung-toc-1.png]
[www.lacoxanh.vn/public/upload/images/1901_cach-tang-can-nhanh-nhat-danh-cho-nguoi-gay-1.jpg]
[www.lacoxanh.vn/Tin-tuc/Bo-tui-cach-dieu-tri-rung-toc-an-toan-hieu-qua.html]
[www.lacoxanh.vn/public/upload/images/rung-toc-5215-e5014.jpg]
[www.lacoxanh.vn/public/upload/images/thuoc-1126_TGEW.jpg]
[www.lacoxanh.vn/public/upload/images/stress-doanhnhansaigon-1508406373.jpg]
[www.lacoxanh.vn/Tin-tuc/Tim-hieu-nguyen-nhan-gay-rung-toc-de-biet-cach-phong-ngua.html]
[www.lacoxanh.vn/Video/Amla-Bien-dieu-khong-the-thanh-co-the.html]
[www.lacoxanh.vn/Video/Hoi-thao-nang-cao-ky-nang-ban-hang-he-thong-Laco.html]
[www.lacoxanh.vn/Video/Kinh-doanh-thuc-chien-cung-HOANG-KIM-NGOC-va-Laco.html]
[www.lacoxanh.vn/Video/Laco-mot-chang-duong-da-qua.html]
[www.lacoxanh.vn/Video/CEO-Hoang-Kim-Ngoc-chia-se-ve-niem-dam-me-kinh-doanh-tren-truyen-hinh-Ha-Noi.html]
[www.lacoxanh.vn/Video/Laco-Hoi-ngo-he-thong-toan-quoc.html]
[www.lacoxanh.vn/Tags/Sua-Tam-Men-Ruou-Sake.htm/Sữa+Tắm+Men+Rượu+Sake.html]
[www.lacoxanh.vn/Tags/laco.htm/laco.html]
[www.lacoxanh.vn/Tags/tam-trang.htm/tắm+trắng.html]
[www.lacoxanh.vn/Tags/my-pham-an-toan.htm/mỹ+phẩm+an+toàn.html]
[www.lacoxanh.vn/Tags/.htm/index.html]
[www.lacoxanh.vn/Tags/son-sap.htm/son+sap.html]
[www.lacoxanh.vn/Tags/marosa.htm/marosa.html]
[www.lacoxanh.vn/Tags/cong-ty-laco.htm/công+ty+laco.html]
[www.lacoxanh.vn/Tags/son-sap-laco.htm/son+sáp+laco.html]
[www.lacoxanh.vn/Tags/le-moi.htm/lẻ+môi.html]
[www.lacoxanh.vn/Tags/kho-moi.htm/khô+môi.html]
[www.lacoxanh.vn/Tags/combo-ngam-va-xit-hoi-chan.htm/combo+ngâm+và+xịt+hôi+chân.html]
[www.lacoxanh.vn/Tags/thien-y-khang.htm/thiên+y+khang.html]
[www.lacoxanh.vn/Tags/thong-kinh-hoat-lac.htm/thông+kinh+hoạt+lạc.html]
[www.lacoxanh.vn/Tags/tri-mat-ngu.htm/trị+mất+ngủ.html]
[www.lacoxanh.vn/Tags/Xit-khu-mui-khong-chan-thien-y-khang.htm/Xịt+khử+mùi+không+chân+thiên+y+khang.html]
[www.lacoxanh.vn/Tags/chong-hoi-chan.htm/chống+hôi+chân.html]
[www.lacoxanh.vn/Tags/chua-hoi-chan-hieu-qua.htm/chữa+hôi+chân+hiệu+quả.html]
[www.lacoxanh.vn/Tags/chua-hoi-chan-an-toan.htm/chữa+hôi+chân+an+toàn.html]
[www.lacoxanh.vn/Tags/chua-hoi-chan-tai-nha.htm/chữa+hôi+chân+tại+nhà.html]
[www.lacoxanh.vn/Tags/Nuoc-hoa-hong-Marosa.htm/Nước+hoa+hồng+Marosa.html]
[www.lacoxanh.vn/Tags/nuoc-hoa-hong.htm/nước+hoa+hồng.html]
[www.lacoxanh.vn/Tags/gel-tan-mo.htm/gel+tan+mỡ.html]
[www.lacoxanh.vn/Tags/giam-can-delim.htm/giảm+cân+delim.html]
[www.lacoxanh.vn/Tags/giam-can-an-toan.htm/giảm+cân+an+toàn.html]
[www.lacoxanh.vn/Tags/giam-can-laco.htm/giảm+cân+laco.html]
[www.lacoxanh.vn/Tags/giam-can-tai-nha.htm/giảm+cân+tại+nhà.html]
[www.lacoxanh.vn/Tags/gel-giam-mo-bung.htm/gel+giảm+mỡ+bụng.html]
[www.lacoxanh.vn/Tags/giam-mo-bung-hieu-qua.htm/giảm+mỡ+bụng+hiệu+quả.html]
[www.lacoxanh.vn/Tags/sua-rua-mat-marosa.htm/sữa+rửa+mặt+marosa.html]
[www.lacoxanh.vn/Tags/cong-ty-Laco.htm/công+ty+Laco-2.html]
[www.lacoxanh.vn/Tags/nuoc-tay-trang.htm/nước+tẩy+trang.html]
[lacogarden.vn/wp-content/uploads/2018/04/serum_laco_cover-1.html]
[lacogarden.vn/wp-content/uploads/2018/04/thanh_phan_serum_laco-1.html]
[www.lacoxanh.vn/Tags/Laco.htm/Laco-2.html]
[www.lacoxanh.vn/Tags/Amla.htm/Amla.html]
[www.lacoxanh.vn/Tags/Serum-Organic.htm/Serum+Organic.html]
[www.lacoxanh.vn/Tags/delim.htm/delim.html]
[www.lacoxanh.vn/Tags/dau-xa.htm/dầu+xả.html]
[www.lacoxanh.vn/Tags/dau-xa-organic-amla.htm/dầu+xả+organic+amla.html]
[www.lacoxanh.vn/Tags/amla.htm/amla-2.html]
[lacogarden.vn/wp-content/uploads/2018/04/laco_model.html]
[www.lacoxanh.vn/Tags/Dau-goi-amla.htm/Dầu+gội+amla.html]
[www.lacoxanh.vn/Tags/dau-goi-organic.htm/dầu+gội+organic.html]
[lacogarden.vn/wp-content/uploads/2018/04/cover_blog_bo_san_pham_amla.html]
[www.lacoxanh.vn/Tags/dau-goi-amla.htm/dầu+gội+amla-2.html]
[www.lacoxanh.vn/Tags/xa-bong.htm/xà+bông.html]
[www.lacoxanh.vn/Tags/organic.htm/organic.html]
[lacogarden.vn/wp-content/uploads/2018/04/Gia_8y-co_ng-bo_8-dung-dich-ve_-sinh-phu-nu_¦-Laco-01-791x1024.html]
[www.lacoxanh.vn/Tags/dung-dich-ve-sinh.htm/dung+dịch+vệ+sinh.html]
[www.lacoxanh.vn/Tags/dung-dich-ve-sinh-phu-nu-marosa.htm/dung+dịch+vệ+sinh+phụ+nữ+marosa.html]
[lacogarden.vn/wp-content/uploads/2018/04/Kem-ngăn-rạn_cover_blog-1024x583.html]
[lacogarden.vn/wp-content/uploads/2018/04/thực-trạng-1024x1024.html]
[lacogarden.vn/wp-content/uploads/2018/04/thành-phần-1024x1024.html]
[lacogarden.vn/wp-content/uploads/2018/04/trước-và-sau-khi-SD-1024x704.html]
[www.lacoxanh.vn/Tags/kem-ngan-ran.htm/kem+ngăn+rạn.html]
[www.lacoxanh.vn/Tags/kem-chong-tham.htm/kem+chống+thâm.html]
[lacogarden.vn/wp-content/uploads/2018/05/thành-phần-son-1024x930.html]
[www.lacoxanh.vn/Tags/giam-can-Delim.htm/giảm+cân+Delim-2.html]
[www.lacoxanh.vn/public/fonts/fontawesome-webfont5b62.html]
[www.lacoxanh.vn/public/fonts/fontawesome-webfont5b62.svg]
[www.lacoxanh.vn/public/css/grabbing.html]
[www.lacoxanh.vn/public/default/images/error404.html]
